// Jest Snapshot v1, https://goo.gl/fbAQLP

exports[`ProfilePage component should render ProfilePage 1`] = `
Object {
  "asFragment": [Function],
  "baseElement": <body>
    <div>
      <a
        class="btn btn-link"
        href="/"
      >
        На главную
      </a>
      <div
        class="card mb-4"
      >
        <div
          class="card-body"
        >
          <div
            class="row"
          >
            <div
              class="col-sm-3 text-center"
            >
              <img
                style="width: 150px;"
              />
              <h1 />
            </div>
            <div
              class="col"
            >
              <a
                class="btn btn-dark"
                rel="noreferrer"
                target="_blank"
              >
                Открыть профиль
              </a>
              <ul />
              <div
                class="badge badge-primary"
              >
                Подписчики: 
              </div>
              <div
                class="badge badge-success"
              >
                Подписан: 
              </div>
              <div
                class="badge badge-info"
              >
                Репозитории: 
              </div>
              <div
                class="badge badge-dark"
              >
                Gists: 
              </div>
            </div>
          </div>
        </div>
      </div>
      <div
        class="card mb-3"
      >
        <div
          class="card-body"
        >
          <h5>
            <a
              href="https://avatars2.githubusercontent.com/u/39588133?v=4"
              rel="noreferrer"
              target="_blank"
            >
              "fafaf"
            </a>
          </h5>
        </div>
      </div>
    </div>
  </body>,
  "container": <div>
    <a
      class="btn btn-link"
      href="/"
    >
      На главную
    </a>
    <div
      class="card mb-4"
    >
      <div
        class="card-body"
      >
        <div
          class="row"
        >
          <div
            class="col-sm-3 text-center"
          >
            <img
              style="width: 150px;"
            />
            <h1 />
          </div>
          <div
            class="col"
          >
            <a
              class="btn btn-dark"
              rel="noreferrer"
              target="_blank"
            >
              Открыть профиль
            </a>
            <ul />
            <div
              class="badge badge-primary"
            >
              Подписчики: 
            </div>
            <div
              class="badge badge-success"
            >
              Подписан: 
            </div>
            <div
              class="badge badge-info"
            >
              Репозитории: 
            </div>
            <div
              class="badge badge-dark"
            >
              Gists: 
            </div>
          </div>
        </div>
      </div>
    </div>
    <div
      class="card mb-3"
    >
      <div
        class="card-body"
      >
        <h5>
          <a
            href="https://avatars2.githubusercontent.com/u/39588133?v=4"
            rel="noreferrer"
            target="_blank"
          >
            "fafaf"
          </a>
        </h5>
      </div>
    </div>
  </div>,
  "debug": [Function],
  "findAllByAltText": [Function],
  "findAllByDisplayValue": [Function],
  "findAllByLabelText": [Function],
  "findAllByPlaceholderText": [Function],
  "findAllByRole": [Function],
  "findAllByTestId": [Function],
  "findAllByText": [Function],
  "findAllByTitle": [Function],
  "findByAltText": [Function],
  "findByDisplayValue": [Function],
  "findByLabelText": [Function],
  "findByPlaceholderText": [Function],
  "findByRole": [Function],
  "findByTestId": [Function],
  "findByText": [Function],
  "findByTitle": [Function],
  "getAllByAltText": [Function],
  "getAllByDisplayValue": [Function],
  "getAllByLabelText": [Function],
  "getAllByPlaceholderText": [Function],
  "getAllByRole": [Function],
  "getAllByTestId": [Function],
  "getAllByText": [Function],
  "getAllByTitle": [Function],
  "getByAltText": [Function],
  "getByDisplayValue": [Function],
  "getByLabelText": [Function],
  "getByPlaceholderText": [Function],
  "getByRole": [Function],
  "getByTestId": [Function],
  "getByText": [Function],
  "getByTitle": [Function],
  "queryAllByAltText": [Function],
  "queryAllByDisplayValue": [Function],
  "queryAllByLabelText": [Function],
  "queryAllByPlaceholderText": [Function],
  "queryAllByRole": [Function],
  "queryAllByTestId": [Function],
  "queryAllByText": [Function],
  "queryAllByTitle": [Function],
  "queryByAltText": [Function],
  "queryByDisplayValue": [Function],
  "queryByLabelText": [Function],
  "queryByPlaceholderText": [Function],
  "queryByRole": [Function],
  "queryByTestId": [Function],
  "queryByText": [Function],
  "queryByTitle": [Function],
  "rerender": [Function],
  "unmount": [Function],
}
`;
