// Jest Snapshot v1, https://goo.gl/fbAQLP

exports[`App component should render App 1`] = `
Object {
  "asFragment": [Function],
  "baseElement": <body>
    <div>
      <div
        class="container"
      >
        <div
          class="formgroup mt-4"
        >
          <input
            class="form-control"
            id="exampleDataList"
            placeholder="Type to search..."
            type="text"
          />
        </div>
        <div
          class="row pt-4"
        >
          <div
            class="col-sm-4 mb-4"
          >
            <div
              class="card"
            >
              <img
                class="card-img-top"
              />
              <div
                class="card-body"
              >
                <h5
                  class="card-title"
                />
                <a
                  class="btn btn-primary"
                  href="/profile/undefined"
                >
                  Открыть
                </a>
              </div>
            </div>
          </div>
        </div>
      </div>
    </div>
  </body>,
  "container": <div>
    <div
      class="container"
    >
      <div
        class="formgroup mt-4"
      >
        <input
          class="form-control"
          id="exampleDataList"
          placeholder="Type to search..."
          type="text"
        />
      </div>
      <div
        class="row pt-4"
      >
        <div
          class="col-sm-4 mb-4"
        >
          <div
            class="card"
          >
            <img
              class="card-img-top"
            />
            <div
              class="card-body"
            >
              <h5
                class="card-title"
              />
              <a
                class="btn btn-primary"
                href="/profile/undefined"
              >
                Открыть
              </a>
            </div>
          </div>
        </div>
      </div>
    </div>
  </div>,
  "debug": [Function],
  "findAllByAltText": [Function],
  "findAllByDisplayValue": [Function],
  "findAllByLabelText": [Function],
  "findAllByPlaceholderText": [Function],
  "findAllByRole": [Function],
  "findAllByTestId": [Function],
  "findAllByText": [Function],
  "findAllByTitle": [Function],
  "findByAltText": [Function],
  "findByDisplayValue": [Function],
  "findByLabelText": [Function],
  "findByPlaceholderText": [Function],
  "findByRole": [Function],
  "findByTestId": [Function],
  "findByText": [Function],
  "findByTitle": [Function],
  "getAllByAltText": [Function],
  "getAllByDisplayValue": [Function],
  "getAllByLabelText": [Function],
  "getAllByPlaceholderText": [Function],
  "getAllByRole": [Function],
  "getAllByTestId": [Function],
  "getAllByText": [Function],
  "getAllByTitle": [Function],
  "getByAltText": [Function],
  "getByDisplayValue": [Function],
  "getByLabelText": [Function],
  "getByPlaceholderText": [Function],
  "getByRole": [Function],
  "getByTestId": [Function],
  "getByText": [Function],
  "getByTitle": [Function],
  "queryAllByAltText": [Function],
  "queryAllByDisplayValue": [Function],
  "queryAllByLabelText": [Function],
  "queryAllByPlaceholderText": [Function],
  "queryAllByRole": [Function],
  "queryAllByTestId": [Function],
  "queryAllByText": [Function],
  "queryAllByTitle": [Function],
  "queryByAltText": [Function],
  "queryByDisplayValue": [Function],
  "queryByLabelText": [Function],
  "queryByPlaceholderText": [Function],
  "queryByRole": [Function],
  "queryByTestId": [Function],
  "queryByText": [Function],
  "queryByTitle": [Function],
  "rerender": [Function],
  "unmount": [Function],
}
`;
